mysql> select * from emp where job = "MANAGER";
+-------+-------+---------+------+------------+------+------+--------+
| EMPNO | ENAME | JOB     | MGR  | HIREDATE   | SAL  | COMM | DEPTNO |
+-------+-------+---------+------+------------+------+------+--------+
|  7566 | JONES | MANAGER | 7839 | 1986-04-02 | 2975 | NULL |     20 |
|  7698 | BLAKE | MANAGER | 7839 | 1981-05-01 | 2850 | NULL |     30 |
|  7782 | CLARK | MANAGER | 7839 | 1983-06-09 | 2450 | NULL |     10 |
+-------+-------+---------+------+------------+------+------+--------+
3 rows in set (0.00 sec)

mysql> explain select * from emp where job = "MANAGER";
+----+-------------+-------+------------+------+---------------+------+---------+------+------+----------+-------------+
| id | select_type | table | partitions | type | possible_keys | key  | key_len | ref  | rows | filtered | Extra       |
+----+-------------+-------+------------+------+---------------+------+---------+------+------+----------+-------------+
|  1 | SIMPLE      | emp   | NULL       | ALL  | NULL          | NULL | NULL    | NULL |   14 |    10.00 | Using where |
+----+-------------+-------+------------+------+---------------+------+---------+------+------+----------+-------------+
1 row in set, 1 warning (0.01 sec)

mysql> explain select * from emp where empno=7788;
+----+-------------+-------+------------+-------+---------------+---------+---------+-------+------+----------+-------+
| id | select_type | table | partitions | type  | possible_keys | key     | key_len | ref   | rows | filtered | Extra |
+----+-------------+-------+------------+-------+---------------+---------+---------+-------+------+----------+-------+
|  1 | SIMPLE      | emp   | NULL       | const | PRIMARY       | PRIMARY | 4       | const |    1 |   100.00 | NULL  |
+----+-------------+-------+------------+-------+---------------+---------+---------+-------+------+----------+-------+
1 row in set, 1 warning (0.00 sec)

mysql> create index ind1 on emp(job);
Query OK, 0 rows affected (0.06 sec)
Records: 0  Duplicates: 0  Warnings: 0

mysql> explain select * from emp where job = "MANAGER";
+----+-------------+-------+------------+------+---------------+------+---------+-------+------+----------+-------+
| id | select_type | table | partitions | type | possible_keys | key  | key_len | ref   | rows | filtered | Extra |
+----+-------------+-------+------------+------+---------------+------+---------+-------+------+----------+-------+
|  1 | SIMPLE      | emp   | NULL       | ref  | ind1          | ind1 | 43      | const |    3 |   100.00 | NULL  |
+----+-------------+-------+------------+------+---------------+------+---------+-------+------+----------+-------+
1 row in set, 1 warning (0.00 sec)

mysql> show index from emp;
+-------+------------+-----------+--------------+-------------+-----------+-------------+----------+--------+------+------------+---------+---------------+---------+------------+
| Table | Non_unique | Key_name  | Seq_in_index | Column_name | Collation | Cardinality | Sub_part | Packed | Null | Index_type | Comment | Index_comment | Visible | Expression |
+-------+------------+-----------+--------------+-------------+-----------+-------------+----------+--------+------+------------+---------+---------------+---------+------------+
| emp   |          0 | PRIMARY   |            1 | EMPNO       | A         |          14 |     NULL |   NULL |      | BTREE      |         |               | YES     | NULL       |
| emp   |          1 | FK_DEPTNO |            1 | DEPTNO      | A         |           3 |     NULL |   NULL | YES  | BTREE      |         |               | YES     | NULL       |
| emp   |          1 | ind1      |            1 | JOB         | A         |           5 |     NULL |   NULL | YES  | BTREE      |         |               | YES     | NULL       |
+-------+------------+-----------+--------------+-------------+-----------+-------------+----------+--------+------+------------+---------+---------------+---------+------------+
3 rows in set (0.04 sec)

mysql> drop index ind1 on emp;
Query OK, 0 rows affected (0.01 sec)
Records: 0  Duplicates: 0  Warnings: 0



mysql> create index ind1 on emp(sal, job);
ERROR 1061 (42000): Duplicate key name 'ind1'
mysql>
mysql> create index ind2 on emp(sal, job);
Query OK, 0 rows affected (0.03 sec)
Records: 0  Duplicates: 0  Warnings: 0

mysql> desc emp;
+----------+-------------+------+-----+---------+-------+
| Field    | Type        | Null | Key | Default | Extra |
+----------+-------------+------+-----+---------+-------+
| EMPNO    | int         | NO   | PRI | NULL    |       |
| ENAME    | varchar(15) | YES  |     | NULL    |       |
| JOB      | varchar(10) | YES  |     | NULL    |       |
| MGR      | int         | YES  |     | NULL    |       |
| HIREDATE | date        | YES  |     | NULL    |       |
| SAL      | int         | YES  | MUL | NULL    |       |
| COMM     | int         | YES  |     | NULL    |       |
| DEPTNO   | int         | YES  | MUL | NULL    |       |
+----------+-------------+------+-----+---------+-------+
8 rows in set (0.00 sec)

mysql> select * from emp where job="MANAGER";
+-------+-------+---------+------+------------+------+------+--------+
| EMPNO | ENAME | JOB     | MGR  | HIREDATE   | SAL  | COMM | DEPTNO |
+-------+-------+---------+------+------------+------+------+--------+
|  7566 | JONES | MANAGER | 7839 | 1986-04-02 | 2975 | NULL |     20 |
|  7698 | BLAKE | MANAGER | 7839 | 1981-05-01 | 2850 | NULL |     30 |
|  7782 | CLARK | MANAGER | 7839 | 1983-06-09 | 2450 | NULL |     10 |
+-------+-------+---------+------+------------+------+------+--------+
3 rows in set (0.00 sec)

mysql> select * from emp where sal="1250";
+-------+--------+----------+------+------------+------+------+--------+
| EMPNO | ENAME  | JOB      | MGR  | HIREDATE   | SAL  | COMM | DEPTNO |
+-------+--------+----------+------+------------+------+------+--------+
|  7521 | WARD   | SALESMAN | 7698 | 1981-02-22 | 1250 |  500 |     30 |
|  7654 | MARTIN | SALESMAN | 7698 | 1981-09-28 | 1250 | 1400 |     30 |
+-------+--------+----------+------+------------+------+------+--------+
2 rows in set (0.00 sec)

mysql> explain select * from emp where job="MANAGER";
+----+-------------+-------+------------+------+---------------+------+---------+------+------+----------+-------------+
| id | select_type | table | partitions | type | possible_keys | key  | key_len | ref  | rows | filtered | Extra       |
+----+-------------+-------+------------+------+---------------+------+---------+------+------+----------+-------------+
|  1 | SIMPLE      | emp   | NULL       | ALL  | NULL          | NULL | NULL    | NULL |   14 |    10.00 | Using where |
+----+-------------+-------+------------+------+---------------+------+---------+------+------+----------+-------------+
1 row in set, 1 warning (0.00 sec)

mysql> explain select * from emp where sal="1250";
+----+-------------+-------+------------+------+---------------+------+---------+-------+------+----------+-------+
| id | select_type | table | partitions | type | possible_keys | key  | key_len | ref   | rows | filtered | Extra |
+----+-------------+-------+------------+------+---------------+------+---------+-------+------+----------+-------+
|  1 | SIMPLE      | emp   | NULL       | ref  | ind2          | ind2 | 5       | const |    2 |   100.00 | NULL  |
+----+-------------+-------+------------+------+---------------+------+---------+-------+------+----------+-------+
1 row in set, 1 warning (0.00 sec)

mysql> explain select * from emp where job="MANAGER" and sal=2450;
+----+-------------+-------+------------+------+---------------+------+---------+-------------+------+----------+-------+
| id | select_type | table | partitions | type | possible_keys | key  | key_len | ref         | rows | filtered | Extra |
+----+-------------+-------+------------+------+---------------+------+---------+-------------+------+----------+-------+
|  1 | SIMPLE      | emp   | NULL       | ref  | ind2          | ind2 | 48      | const,const |    1 |   100.00 | NULL  |
+----+-------------+-------+------------+------+---------------+------+---------+-------------+------+----------+-------+
1 row in set, 1 warning (0.00 sec)

mysql> select * from emp where job="MANAGER" and sal=2450;
+-------+-------+---------+------+------------+------+------+--------+
| EMPNO | ENAME | JOB     | MGR  | HIREDATE   | SAL  | COMM | DEPTNO |
+-------+-------+---------+------+------------+------+------+--------+
|  7782 | CLARK | MANAGER | 7839 | 1983-06-09 | 2450 | NULL |     10 |
+-------+-------+---------+------+------------+------+------+--------+
1 row in set (0.00 sec)
